Fri Oct 10 09:13:44 EDT 2025: Changes detected, committing...
[v4.5-development de9655d] Auto-save: 2025-10-10 09:13:44
 4 files changed, 392 insertions(+), 31 deletions(-)
 create mode 100644 auto-commit.log
To https://github.com/jdagogo/unitedtribes-book-analysis-poc.git
   7c99d4a..de9655d  v4.5-development -> v4.5-development
Fri Oct 10 09:13:44 EDT 2025: Changes committed and pushed
Fri Oct 10 09:28:44 EDT 2025: Changes detected, committing...
[v4.5-development 52940db] Auto-save: 2025-10-10 09:28:44
 2 files changed, 311 insertions(+)
To https://github.com/jdagogo/unitedtribes-book-analysis-poc.git
   de9655d..52940db  v4.5-development -> v4.5-development
Fri Oct 10 09:28:45 EDT 2025: Changes committed and pushed
Fri Oct 10 09:43:45 EDT 2025: Changes detected, committing...
[v4.5-development 732c50d] Auto-save: 2025-10-10 09:43:45
 1 file changed, 6 insertions(+)
To https://github.com/jdagogo/unitedtribes-book-analysis-poc.git
   52940db..732c50d  v4.5-development -> v4.5-development
Fri Oct 10 09:43:46 EDT 2025: Changes committed and pushed
Fri Oct 10 09:58:46 EDT 2025: Changes detected, committing...
[v4.5-development c44d937] Auto-save: 2025-10-10 09:58:46
 1 file changed, 6 insertions(+)
To https://github.com/jdagogo/unitedtribes-book-analysis-poc.git
   732c50d..c44d937  v4.5-development -> v4.5-development
Fri Oct 10 09:58:47 EDT 2025: Changes committed and pushed
Fri Oct 10 10:13:47 EDT 2025: Changes detected, committing...
[v4.5-development d58e48a] Auto-save: 2025-10-10 10:13:47
 2 files changed, 60 insertions(+), 23 deletions(-)
To https://github.com/jdagogo/unitedtribes-book-analysis-poc.git
   c44d937..d58e48a  v4.5-development -> v4.5-development
Fri Oct 10 10:13:48 EDT 2025: Changes committed and pushed
Fri Oct 10 10:28:48 EDT 2025: Changes detected, committing...
[v4.5-development 0d67f9f] Auto-save: 2025-10-10 10:28:48
 2 files changed, 146 insertions(+), 48 deletions(-)
To https://github.com/jdagogo/unitedtribes-book-analysis-poc.git
   d2f21d8..0d67f9f  v4.5-development -> v4.5-development
Fri Oct 10 10:28:48 EDT 2025: Changes committed and pushed
Fri Oct 10 10:43:48 EDT 2025: Changes detected, committing...
[v4.5-development d51e5f5] Auto-save: 2025-10-10 10:43:48
 3 files changed, 44 insertions(+), 4 deletions(-)
To https://github.com/jdagogo/unitedtribes-book-analysis-poc.git
   0d67f9f..d51e5f5  v4.5-development -> v4.5-development
Fri Oct 10 10:43:49 EDT 2025: Changes committed and pushed
Fri Oct 10 10:58:49 EDT 2025: Changes detected, committing...
[v4.5-development a3019f3] Auto-save: 2025-10-10 10:58:49
 2 files changed, 290 insertions(+), 68 deletions(-)
To https://github.com/jdagogo/unitedtribes-book-analysis-poc.git
   d51e5f5..a3019f3  v4.5-development -> v4.5-development
Fri Oct 10 10:58:50 EDT 2025: Changes committed and pushed
Fri Oct 10 11:13:50 EDT 2025: Changes detected, committing...
[v4.5-development 9f5ebfd] Auto-save: 2025-10-10 11:13:50
 1 file changed, 6 insertions(+)
To https://github.com/jdagogo/unitedtribes-book-analysis-poc.git
   6adcc8a..9f5ebfd  v4.5-development -> v4.5-development
Fri Oct 10 11:13:50 EDT 2025: Changes committed and pushed
Fri Oct 10 11:28:51 EDT 2025: Changes detected, committing...
[v4.5-development 1c29c2e] Auto-save: 2025-10-10 11:28:51
 2 files changed, 109 insertions(+)
To https://github.com/jdagogo/unitedtribes-book-analysis-poc.git
   9f5ebfd..1c29c2e  v4.5-development -> v4.5-development
Fri Oct 10 11:28:51 EDT 2025: Changes committed and pushed
Fri Oct 10 11:43:51 EDT 2025: Changes detected, committing...
[v4.5-development b1c96bf] Auto-save: 2025-10-10 11:43:51
 3 files changed, 105 insertions(+), 34 deletions(-)
To https://github.com/jdagogo/unitedtribes-book-analysis-poc.git
   1c29c2e..b1c96bf  v4.5-development -> v4.5-development
Fri Oct 10 11:43:53 EDT 2025: Changes committed and pushed
Fri Oct 10 11:58:53 EDT 2025: Changes detected, committing...
[v4.5-development 208c348] Auto-save: 2025-10-10 11:58:53
 3 files changed, 45 insertions(+), 7 deletions(-)
To https://github.com/jdagogo/unitedtribes-book-analysis-poc.git
   62d225f..208c348  v4.5-development -> v4.5-development
Fri Oct 10 11:58:54 EDT 2025: Changes committed and pushed
Fri Oct 10 12:13:54 EDT 2025: No changes to commit
Fri Oct 10 12:28:54 EDT 2025: Changes detected, committing...
[v4.5-development 996f652] Auto-save: 2025-10-10 12:28:54
 1 file changed, 2 insertions(+)
To https://github.com/jdagogo/unitedtribes-book-analysis-poc.git
   6913ace..996f652  v4.5-development -> v4.5-development
Fri Oct 10 12:28:55 EDT 2025: Changes committed and pushed
Fri Oct 10 12:43:55 EDT 2025: Changes detected, committing...
[v4.5-development ad5fc14] Auto-save: 2025-10-10 12:43:55
 2 files changed, 30 insertions(+)
To https://github.com/jdagogo/unitedtribes-book-analysis-poc.git
   996f652..ad5fc14  v4.5-development -> v4.5-development
Fri Oct 10 12:43:56 EDT 2025: Changes committed and pushed
Fri Oct 10 12:58:56 EDT 2025: Changes detected, committing...
[v4.5-development 262f25a] Auto-save: 2025-10-10 12:58:56
 1 file changed, 6 insertions(+)
To https://github.com/jdagogo/unitedtribes-book-analysis-poc.git
   ad5fc14..262f25a  v4.5-development -> v4.5-development
Fri Oct 10 12:58:56 EDT 2025: Changes committed and pushed
Fri Oct 10 13:13:57 EDT 2025: Changes detected, committing...
[v4.5-development 86ca77b] Auto-save: 2025-10-10 13:13:57
 2 files changed, 199 insertions(+), 8 deletions(-)
To https://github.com/jdagogo/unitedtribes-book-analysis-poc.git
   262f25a..86ca77b  v4.5-development -> v4.5-development
Fri Oct 10 13:13:57 EDT 2025: Changes committed and pushed
Fri Oct 10 13:28:57 EDT 2025: Changes detected, committing...
[v4.5-development 2c6173e] Auto-save: 2025-10-10 13:28:57
 2 files changed, 195 insertions(+), 108 deletions(-)
To https://github.com/jdagogo/unitedtribes-book-analysis-poc.git
   86ca77b..2c6173e  v4.5-development -> v4.5-development
Fri Oct 10 13:28:58 EDT 2025: Changes committed and pushed
Fri Oct 10 13:43:58 EDT 2025: Changes detected, committing...
